// Jest Snapshot v1, https://goo.gl/fbAQLP

exports[`Header should match Snapshot without hint 1`] = `"<header class=\\"MuiPaper-root MuiAppBar-root MuiAppBar-positionStatic MuiAppBar-colorPrimary MuiPaper-elevation4\\"><div class=\\"MuiToolbar-root MuiToolbar-regular MuiToolbar-gutters\\"><button class=\\"MuiButtonBase-root MuiIconButton-root makeStyles-menuButton-3 MuiIconButton-colorInherit MuiIconButton-edgeStart\\" tabindex=\\"0\\" type=\\"button\\" aria-label=\\"menu\\"><span class=\\"MuiIconButton-label\\"><svg class=\\"MuiSvgIcon-root\\" focusable=\\"false\\" viewBox=\\"0 0 24 24\\" aria-hidden=\\"true\\"><path d=\\"M3 18h18v-2H3v2zm0-5h18v-2H3v2zm0-7v2h18V6H3z\\"></path></svg></span><span class=\\"MuiTouchRipple-root\\"></span></button><h6 class=\\"MuiTypography-root makeStyles-title-2 MuiTypography-h6\\">Notes</h6><button class=\\"MuiButtonBase-root MuiButton-root MuiButton-outlined MuiButton-colorInherit\\" tabindex=\\"0\\" type=\\"button\\"><span class=\\"MuiButton-label\\">New Note</span><span class=\\"MuiTouchRipple-root\\"></span></button></div></header>"`;
