// Jest Snapshot v1, https://goo.gl/fbAQLP

exports[`NoteDetail should match Snapshot without hint 1`] = `"<div class=\\"makeStyles-root-1\\"><div class=\\"makeStyles-header-2\\"><p class=\\"MuiTypography-root makeStyles-title-3 MuiTypography-body1 MuiTypography-colorPrimary\\"></p></div><p class=\\"MuiTypography-root makeStyles-body-4 MuiTypography-body1\\"></p><div class=\\"makeStyles-buttons-5\\"><button class=\\"MuiButtonBase-root MuiButton-root MuiButton-outlined MuiButton-outlinedPrimary\\" tabindex=\\"0\\" type=\\"button\\"><span class=\\"MuiButton-label\\">Edit</span><span class=\\"MuiTouchRipple-root\\"></span></button><button class=\\"MuiButtonBase-root MuiButton-root MuiButton-outlined MuiButton-outlinedSecondary\\" tabindex=\\"0\\" type=\\"button\\"><span class=\\"MuiButton-label\\">Close</span><span class=\\"MuiTouchRipple-root\\"></span></button></div></div>"`;
