// Jest Snapshot v1, https://goo.gl/fbAQLP

exports[`Menu should match Snapshot without hint 1`] = `"<button class=\\"MuiButtonBase-root MuiIconButton-root MuiIconButton-colorInherit MuiIconButton-edgeStart\\" tabindex=\\"0\\" type=\\"button\\" aria-label=\\"menu\\"><span class=\\"MuiIconButton-label\\"><svg class=\\"MuiSvgIcon-root\\" focusable=\\"false\\" viewBox=\\"0 0 24 24\\" aria-hidden=\\"true\\"><path d=\\"M3 18h18v-2H3v2zm0-5h18v-2H3v2zm0-7v2h18V6H3z\\"></path></svg></span><span class=\\"MuiTouchRipple-root\\"></span></button><div role=\\"presentation\\" class=\\"MuiPopover-root\\" id=\\"customized-menu\\" style=\\"position: fixed; z-index: 1300; right: 0px; bottom: 0px; top: 0px; left: 0px; visibility: hidden;\\" aria-hidden=\\"true\\"><div tabindex=\\"0\\" data-test=\\"sentinelStart\\"></div><div class=\\"MuiPaper-root MuiMenu-paper MuiPopover-paper MuiPaper-elevation8 MuiPaper-rounded\\" style=\\"opacity: 0; transform: scale(0.75, 0.5625); visibility: hidden;\\" tabindex=\\"-1\\"><ul class=\\"MuiList-root MuiMenu-list MuiList-padding\\" role=\\"menu\\" tabindex=\\"-1\\"><li class=\\"MuiButtonBase-root MuiListItem-root MuiMenuItem-root MuiMenuItem-gutters MuiListItem-gutters MuiListItem-button\\" tabindex=\\"0\\" role=\\"menuitem\\" aria-disabled=\\"false\\"><div class=\\"MuiListItemText-root\\"><span class=\\"MuiTypography-root MuiListItemText-primary MuiTypography-body1 MuiTypography-displayBlock\\">Profile</span></div><span class=\\"MuiTouchRipple-root\\"></span></li><li class=\\"MuiButtonBase-root MuiListItem-root MuiMenuItem-root MuiMenuItem-gutters MuiListItem-gutters MuiListItem-button\\" tabindex=\\"-1\\" role=\\"menuitem\\" aria-disabled=\\"false\\"><div class=\\"MuiListItemText-root\\"><span class=\\"MuiTypography-root MuiListItemText-primary MuiTypography-body1 MuiTypography-displayBlock\\">About</span></div><span class=\\"MuiTouchRipple-root\\"></span></li><li class=\\"MuiButtonBase-root MuiListItem-root MuiMenuItem-root MuiMenuItem-gutters MuiListItem-gutters MuiListItem-button\\" tabindex=\\"-1\\" role=\\"menuitem\\" aria-disabled=\\"false\\"><div class=\\"MuiListItemText-root\\"><span class=\\"MuiTypography-root MuiListItemText-primary MuiTypography-body1 MuiTypography-displayBlock\\">Přepnout do ČJ</span></div><span class=\\"MuiTouchRipple-root\\"></span></li></ul></div><div tabindex=\\"0\\" data-test=\\"sentinelEnd\\"></div></div>"`;
